Data/竞争站23年柴油单站32801309.csv
"日期","0号柴油销量（升）","0号柴油价差","石化站价格","竞争站价格"
2023-01-01,6214.42,0.51,"7.20",6.69
2023-01-02,13718.13,0.51,"7.20",6.69
2023-01-03,10315.85,0.51,"7.20",6.69
2023-01-04,7613.65,0.81,"7.41",6.60
2023-01-05,30992.56,0.81,"7.41",6.60
2023-01-06,13470.68,0.81,"7.41",6.60
2023-01-07,20324.88,0.81,"7.41",6.60
2023-01-08,17583.33,0.81,"7.41",6.60
2023-01-09,11064.91,0.81,"7.41",6.60
2023-01-10,19119.66,0.81,"7.41",6.60
2023-01-11,9084.76,0.81,"7.41",6.60
2023-01-12,8455.89,0.81,"7.41",6.60
2023-01-13,6550.70,0.81,"7.41",6.60
2023-01-14,5263.81,0.81,"7.41",6.60
2023-01-15,6136.06,0.81,"7.41",6.60
2023-01-16,2079.78,0.81,"7.41",6.60
2023-01-17,1986.49,0.81,"7.41",6.60
2023-01-18,2160.32,0.64,"7.24",6.60
2023-01-19,1309.19,0.64,"7.24",6.60
2023-01-20,225.28,0.64,"7.24",6.60
2023-01-21,595.48,0.64,"7.24",6.60
2023-01-22,305.97,0.64,"7.24",6.60
2023-01-23,732.98,0.64,"7.24",6.60
2023-01-24,1262.42,0.64,"7.24",6.60
2023-01-25,1247.84,0.64,"7.24",6.60
2023-01-26,2034.25,0.64,"7.24",6.60
2023-01-27,1623.04,0.64,"7.24",6.60
2023-01-28,3495.78,0.64,"7.24",6.60
2023-01-29,2020.87,0.64,"7.24",6.60
2023-01-30,15138.23,0.64,"7.24",6.60
2023-01-31,5113.19,0.64,"7.24",6.60
2023-02-01,8057.23,0.64,"7.24",6.60
2023-02-02,6628.25,0.64,"7.24",6.60
2023-02-03,14899.45,0.64,"7.24",6.60
2023-02-04,3024.77,0.61,"7.41",6.80
2023-02-05,7034.52,0.61,"7.41",6.80
2023-02-06,6767.61,0.61,"7.41",6.80
2023-02-07,11275.68,0.61,"7.41",6.80
2023-02-08,9154.73,0.61,"7.41",6.80
2023-02-09,5954.84,0.61,"7.41",6.80
2023-02-10,7165.37,0.61,"7.41",6.80
2023-02-11,6341.93,0.61,"7.41",6.80
2023-02-12,3346.65,0.61,"7.41",6.80
2023-02-13,6525.14,0.61,"7.41",6.80
2023-02-14,7899.89,0.61,"7.41",6.80
2023-02-15,8395.71,0.60,"7.41",6.81
2023-02-16,8204.33,0.60,"7.41",6.81
2023-02-17,9077.01,0.60,"7.41",6.81
2023-02-18,6850.46,0.60,"7.41",6.81
2023-02-19,7119.95,0.60,"7.41",6.81
2023-02-20,5433.07,0.60,"7.41",6.81
2023-02-21,12509.99,0.60,"7.41",6.81
2023-02-22,16000.79,0.51,"7.41",6.90
2023-02-23,9413.65,0.51,"7.41",6.90
2023-02-24,7400.50,0.51,"7.41",6.90
2023-02-25,6667.11,0.51,"7.41",6.90
2023-02-26,5379.33,0.51,"7.41",6.90
2023-02-27,6308.26,0.51,"7.41",6.90
2023-02-28,6514.20,0.51,"7.41",6.90
2023-03-01,5991.59,0.60,"7.41",6.81
2023-03-02,10040.41,0.60,"7.41",6.81
2023-03-03,10678.82,0.60,"7.41",6.81
2023-03-04,5246.77,0.60,"7.41",6.81
2023-03-05,5834.06,0.60,"7.41",6.81
2023-03-06,8173.89,0.60,"7.41",6.81
2023-03-07,9890.12,0.60,"7.41",6.81
2023-03-08,10189.53,0.60,"7.41",6.81
2023-03-09,9018.33,0.60,"7.41",6.81
2023-03-10,19268.74,0.60,"7.41",6.81
2023-03-11,6204.83,0.60,"7.41",6.81
2023-03-12,7347.93,0.60,"7.41",6.81
2023-03-13,9525.27,0.60,"7.41",6.81
2023-03-14,9018.96,0.60,"7.41",6.81
2023-03-15,21033.68,0.60,"7.41",6.81
2023-03-16,17858.76,0.60,"7.41",6.81
2023-03-17,8339.89,0.60,"7.41",6.81
2023-03-18,7589.61,0.60,"7.33",6.73
2023-03-19,8961.94,0.60,"7.33",6.73
2023-03-20,27900.55,0.60,"7.33",6.73
2023-03-21,9999.33,0.60,"7.33",6.73
2023-03-22,16769.20,0.57,"7.33",6.76
2023-03-23,16329.57,0.57,"7.33",6.76
2023-03-24,8800.95,0.57,"7.33",6.76
2023-03-25,9491.36,0.57,"7.33",6.76
2023-03-26,16400.59,0.57,"7.33",6.76
2023-03-27,10299.86,0.57,"7.33",6.76
2023-03-28,32899.95,0.57,"7.33",6.76
2023-03-29,21822.62,0.57,"7.33",6.76
2023-03-30,8938.03,0.57,"7.33",6.76
2023-03-31,19363.42,0.57,"7.33",6.76
2023-04-01,18556.09,0.57,"7.06",6.49
2023-04-02,13639.36,0.57,"7.06",6.49
2023-04-03,36535.84,0.57,"7.06",6.49
2023-04-04,11675.90,0.57,"7.06",6.49
2023-04-05,13232.09,0.57,"7.06",6.49
2023-04-06,19354.96,0.57,"7.06",6.49
2023-04-07,13673.49,0.57,"7.06",6.49
2023-04-08,20399.95,0.57,"7.06",6.49
2023-04-09,13577.79,0.57,"7.06",6.49
2023-04-10,21594.62,0.57,"7.06",6.49
2023-04-11,21170.41,0.57,"7.06",6.49
2023-04-12,15817.78,0.57,"7.06",6.49
2023-04-13,12859.73,0.57,"7.06",6.49
2023-04-14,17637.80,0.57,"7.06",6.49
2023-04-15,15969.50,0.57,"7.06",6.49
2023-04-16,21391.45,0.57,"7.06",6.49
2023-04-17,27541.22,0.57,"7.06",6.49
2023-04-18,15989.86,0.52,"7.51",6.99
2023-04-19,11324.94,0.52,"7.51",6.99
2023-04-20,9434.05,0.52,"7.51",6.99
2023-04-21,13665.25,0.52,"7.51",6.99
2023-04-22,16045.12,0.52,"7.51",6.99
2023-04-23,11260.18,0.52,"7.51",6.99
2023-04-24,15823.72,0.52,"7.51",6.99
2023-04-25,24471.64,0.52,"7.51",6.99
2023-04-26,34946.40,0.61,"7.51",6.90
2023-04-27,25757.48,0.61,"7.51",6.90
2023-04-28,15953.34,0.61,"7.51",6.90
2023-04-29,14180.70,0.51,"7.37",6.86
2023-04-30,9618.32,0.51,"7.37",6.86
2023-05-01,6787.69,0.51,"7.37",6.86
2023-05-02,8409.11,0.51,"7.37",6.86
2023-05-03,12431.98,0.51,"7.37",6.86
2023-05-04,18271.07,0.57,"7.37",6.80
2023-05-05,10195.32,0.57,"7.37",6.80
2023-05-06,13746.05,0.57,"7.37",6.80
2023-05-07,13003.15,0.57,"7.37",6.80
2023-05-08,15242.62,0.57,"7.37",6.80
2023-05-09,10884.34,0.57,"7.37",6.80
2023-05-10,22794.25,0.57,"7.37",6.80
2023-05-11,11607.57,0.57,"7.37",6.80
2023-05-12,21246.32,0.57,"7.37",6.80
2023-05-13,11482.80,0.57,"7.37",6.80
2023-05-14,6656.63,0.57,"7.37",6.80
2023-05-15,28600.07,0.57,"7.37",6.80
2023-05-16,7605.03,0.57,"7.37",6.80
2023-05-17,25056.60,0.56,"7.06",6.50
2023-05-18,21472.74,0.56,"7.06",6.50
2023-05-19,8464.51,0.56,"7.06",6.50
2023-05-20,8008.08,0.56,"7.06",6.50
2023-05-21,11080.72,0.56,"7.06",6.50
2023-05-22,6068.07,0.56,"7.06",6.50
2023-05-23,8832.61,0.56,"7.06",6.50
2023-05-24,23438.63,0.56,"7.06",6.50
2023-05-25,11974.96,0.56,"7.06",6.50
2023-05-26,6505.31,0.56,"7.06",6.50
2023-05-27,8139.05,0.56,"7.06",6.50
2023-05-28,5477.13,0.56,"7.06",6.50
2023-05-29,8310.70,0.56,"7.06",6.50
2023-05-30,12484.51,0.56,"7.06",6.50
2023-05-31,7756.43,0.69,"7.14",6.45
2023-06-01,19265.96,0.69,"7.14",6.45
2023-06-02,21982.03,0.69,"7.14",6.45
2023-06-03,18124.19,0.69,"7.14",6.45
2023-06-04,17974.86,0.69,"7.14",6.45
2023-06-05,4357.55,0.69,"7.14",6.45
2023-06-06,9156.58,0.69,"7.14",6.45
2023-06-07,11403.89,0.69,"7.14",6.45
2023-06-08,8689.00,0.69,"7.14",6.45
2023-06-09,8322.95,0.69,"7.14",6.45
2023-06-10,8215.93,0.69,"7.14",6.45
2023-06-11,7178.39,0.69,"7.14",6.45
2023-06-12,8822.26,0.69,"7.14",6.45
2023-06-13,38875.39,0.69,"7.14",6.45
2023-06-14,12026.61,0.70,"7.10",6.40
2023-06-15,9160.53,0.70,"7.10",6.40
2023-06-16,8479.19,0.70,"7.10",6.40
2023-06-17,8998.05,0.70,"7.10",6.40
2023-06-18,1108.69,0.70,"7.10",6.40
2023-06-19,4041.29,0.70,"7.10",6.40
2023-06-20,6852.05,0.70,"7.10",6.40
2023-06-21,10175.87,0.70,"7.10",6.40
2023-06-22,5386.72,0.70,"7.10",6.40
2023-06-23,4574.60,0.70,"7.10",6.40
2023-06-24,5634.38,0.70,"7.10",6.40
2023-06-25,15888.90,0.70,"7.10",6.40
2023-06-26,29634.56,0.70,"7.10",6.40
2023-06-27,5832.66,0.70,"7.10",6.40
2023-06-28,10613.32,0.70,"7.10",6.40
2023-06-29,40828.67,0.80,"7.16",6.36
2023-06-30,4669.21,0.80,"7.16",6.36
2023-07-01,7441.09,0.80,"7.16",6.36
2023-07-02,6665.80,0.80,"7.16",6.36
2023-07-03,6568.66,0.80,"7.16",6.36
2023-07-04,7742.07,0.80,"7.16",6.36
2023-07-05,7494.01,0.76,"7.16",6.40
2023-07-06,7841.52,0.76,"7.16",6.40
2023-07-07,5305.16,0.76,"7.16",6.40
2023-07-08,5301.41,0.76,"7.16",6.40
2023-07-09,3950.07,0.76,"7.16",6.40
2023-07-10,20251.91,0.76,"7.16",6.40
2023-07-11,16001.78,0.76,"7.16",6.40
2023-07-12,4699.10,0.76,"7.16",6.40
2023-07-13,8221.02,0.84,"7.29",6.45
2023-07-14,13136.98,0.84,"7.29",6.45
2023-07-15,5536.59,0.84,"7.29",6.45
2023-07-16,3664.94,0.84,"7.29",6.45
2023-07-17,3683.67,0.84,"7.29",6.45
2023-07-18,4347.77,0.84,"7.29",6.45
2023-07-19,4570.65,0.84,"7.29",6.45
2023-07-20,6522.02,0.84,"7.29",6.45
2023-07-21,6032.46,0.84,"7.29",6.45
2023-07-22,14867.37,0.84,"7.29",6.45
2023-07-23,10642.82,0.84,"7.29",6.45
2023-07-24,18032.34,0.84,"7.29",6.45
2023-07-25,21031.36,0.84,"7.29",6.45
2023-07-26,13772.82,0.84,"7.29",6.45
2023-07-27,17150.50,0.85,"7.51",6.66
2023-07-28,15416.52,0.85,"7.51",6.66
2023-07-29,2049.35,0.85,"7.51",6.66
2023-07-30,1298.98,0.85,"7.51",6.66
2023-07-31,6991.01,0.85,"7.51",6.66
2023-08-01,5288.73,0.85,"7.51",6.66
2023-08-02,6615.74,0.85,"7.51",6.66
2023-08-03,12609.43,0.85,"7.51",6.66
2023-08-04,7657.99,0.85,"7.51",6.66
2023-08-05,5074.49,0.85,"7.51",6.66
2023-08-06,4506.41,0.85,"7.51",6.66
2023-08-07,29047.06,0.85,"7.51",6.66
2023-08-08,30672.88,0.85,"7.51",6.66
2023-08-09,8623.01,0.85,"7.51",6.66
2023-08-10,2689.71,0.73,"7.71",6.98
2023-08-11,5732.42,0.73,"7.71",6.98
2023-08-12,3818.67,0.73,"7.71",6.98
2023-08-13,1905.45,0.73,"7.71",6.98
2023-08-14,4229.94,0.73,"7.71",6.98
2023-08-15,5760.57,0.73,"7.71",6.98
2023-08-16,6612.77,0.73,"7.71",6.98
2023-08-17,8012.30,0.73,"7.71",6.98
2023-08-18,29153.85,0.73,"7.71",6.98
2023-08-19,6309.77,0.73,"7.71",6.98
2023-08-20,3953.39,0.73,"7.71",6.98
2023-08-21,8320.61,0.73,"7.71",6.98
2023-08-22,27160.89,0.73,"7.71",6.98
2023-08-23,9989.24,0.73,"7.71",6.98
2023-08-24,4997.14,0.77,"7.75",6.98
2023-08-25,5547.34,0.77,"7.75",6.98
2023-08-26,25403.83,0.77,"7.75",6.98
2023-08-27,6863.25,0.77,"7.75",6.98
2023-08-28,3994.40,0.77,"7.75",6.98
2023-08-29,6328.44,0.77,"7.75",6.98
2023-08-30,4136.81,0.77,"7.75",6.98
2023-08-31,4997.14,0.77,"7.75",6.98
2023-09-01,5312.04,0.77,"7.75",6.98
2023-09-02,5576.20,0.77,"7.75",6.98
2023-09-03,4109.20,0.77,"7.75",6.98
2023-09-04,6921.91,0.77,"7.75",6.98
2023-09-05,6096.59,0.77,"7.75",6.98
2023-09-06,8701.84,0.77,"7.75",6.98
2023-09-07,7371.96,0.77,"7.75",6.98
2023-09-08,10808.66,0.77,"7.75",6.98
2023-09-09,5790.89,0.77,"7.75",6.98
2023-09-10,6346.54,0.77,"7.75",6.98
2023-09-11,7553.39,0.77,"7.75",6.98
2023-09-12,4253.13,0.77,"7.75",6.98
2023-09-13,4464.70,0.77,"7.75",6.98
2023-09-14,3749.91,0.77,"7.75",6.98
2023-09-15,20239.14,0.77,"7.75",6.98
2023-09-16,11031.89,0.77,"7.75",6.98
2023-09-17,4295.82,0.77,"7.75",6.98
2023-09-18,6554.99,0.77,"7.75",6.98
2023-09-19,6675.01,0.77,"7.75",6.98
2023-09-20,12012.65,0.77,"7.75",6.98
2023-09-21,3304.87,0.80,"8.07",7.27
2023-09-22,15084.14,0.80,"8.07",7.27
2023-09-23,17533.75,0.80,"8.07",7.27
2023-09-24,1402.82,0.80,"8.07",7.27
2023-09-25,3495.04,0.80,"8.07",7.27
2023-09-26,2954.05,0.80,"8.07",7.27
2023-09-27,5737.25,0.80,"8.07",7.27
2023-09-28,4756.04,0.80,"8.07",7.27
2023-09-29,2304.23,0.80,"8.07",7.27
2023-09-30,2053.98,0.80,"8.07",7.27
2023-10-01,1220.71,0.80,"8.07",7.27
2023-10-02,2496.44,0.80,"8.07",7.27
2023-10-03,2321.91,0.80,"8.07",7.27
2023-10-04,2213.99,0.80,"8.07",7.27
2023-10-05,4398.27,0.80,"8.07",7.27
2023-10-06,4781.52,0.80,"8.07",7.27
2023-10-07,4553.59,0.80,"8.07",7.27
2023-10-08,3583.49,0.80,"8.07",7.27
2023-10-09,4409.36,0.80,"8.07",7.27
2023-10-10,3799.77,0.80,"8.07",7.27
2023-10-11,6803.28,0.80,"8.00",7.20
2023-10-12,3219.86,0.80,"8.00",7.20
2023-10-13,6139.12,0.80,"8.00",7.20
2023-10-14,3231.70,0.80,"8.00",7.20
2023-10-15,2861.75,0.80,"8.00",7.20
2023-10-16,3939.13,0.80,"8.00",7.20
2023-10-17,5513.73,0.80,"8.00",7.20
2023-10-18,29677.49,0.80,"8.00",7.20
2023-10-19,3274.37,0.80,"8.00",7.20
2023-10-20,6336.78,0.80,"8.00",7.20
2023-10-21,3013.05,0.80,"8.00",7.20
2023-10-22,1969.19,0.80,"8.00",7.20
2023-10-23,16018.94,0.80,"8.00",7.20
2023-10-24,18980.68,0.80,"8.00",7.20
2023-10-25,6205.35,0.84,"7.94",7.10
2023-10-26,6008.74,0.84,"7.94",7.10
2023-10-27,28113.55,0.84,"7.94",7.10
2023-10-28,4107.56,0.84,"7.94",7.10
2023-10-29,17111.40,0.84,"7.94",7.10
2023-10-30,23570.22,0.84,"7.94",7.10
2023-10-31,16238.95,0.84,"7.94",7.10
2023-11-01,2825.57,0.84,"7.94",7.10
2023-11-02,4851.84,0.84,"7.94",7.10
2023-11-03,4417.34,0.84,"7.94",7.10
2023-11-04,3213.45,0.84,"7.94",7.10
2023-11-05,4106.04,0.84,"7.94",7.10
2023-11-06,1175.12,0.84,"7.94",7.10
2023-11-07,4377.57,0.84,"7.94",7.10
2023-11-08,3906.39,0.83,"7.83",7.00
2023-11-09,4303.11,0.83,"7.83",7.00
2023-11-10,1548.21,0.83,"7.83",7.00
2023-11-11,3054.75,0.83,"7.83",7.00
2023-11-12,2214.64,0.83,"7.83",7.00
2023-11-13,4626.42,0.83,"7.83",7.00
2023-11-14,2150.15,0.83,"7.83",7.00
2023-11-15,2756.63,0.93,"7.83",6.90
2023-11-16,23403.91,0.93,"7.83",6.90
2023-11-17,2809.86,0.93,"7.83",6.90
2023-11-18,3000.27,0.93,"7.83",6.90
2023-11-19,9126.83,0.93,"7.83",6.90
2023-11-20,2501.32,0.93,"7.83",6.90
2023-11-21,2232.30,0.93,"7.83",6.90
2023-11-22,17914.05,1.05,"7.55",6.50
2023-11-23,17952.15,1.05,"7.55",6.50
2023-11-24,10678.39,1.05,"7.55",6.50
2023-11-25,16124.40,1.05,"7.55",6.50
2023-11-26,2722.36,1.05,"7.55",6.50
2023-11-27,3510.14,1.05,"7.55",6.50
2023-11-28,3345.94,1.05,"7.55",6.50
2023-11-29,10269.07,0.95,"7.55",6.60
2023-11-30,3897.63,0.95,"7.55",6.60
2023-12-01,3360.03,0.95,"7.55",6.60
2023-12-02,11351.00,0.95,"7.55",6.60
2023-12-03,7748.92,0.95,"7.55",6.60
2023-12-04,18019.82,0.95,"7.55",6.60
2023-12-05,6168.49,0.95,"7.55",6.60
2023-12-06,4348.46,1.00,"7.50",6.50
2023-12-07,3894.61,1.00,"7.50",6.50
2023-12-08,2090.05,1.00,"7.50",6.50
2023-12-09,3605.65,1.00,"7.50",6.50
2023-12-10,1383.26,1.00,"7.50",6.50
2023-12-11,1896.25,1.00,"7.50",6.50
2023-12-12,4469.43,1.00,"7.50",6.50
2023-12-13,4555.36,1.00,"7.50",6.50
2023-12-14,3782.10,1.00,"7.50",6.50
2023-12-15,27182.86,1.00,"7.50",6.50
2023-12-16,4071.88,1.00,"7.50",6.50
2023-12-17,2532.99,1.00,"7.50",6.50
2023-12-18,2384.26,1.00,"7.50",6.50
2023-12-19,3499.63,1.00,"7.50",6.50
2023-12-20,3467.37,0.76,"7.16",6.40
2023-12-21,4557.80,0.76,"7.16",6.40
2023-12-22,4258.89,0.76,"7.16",6.40
2023-12-23,2032.64,0.76,"7.16",6.40
2023-12-24,1431.25,0.76,"7.16",6.40
2023-12-25,14686.65,0.76,"7.16",6.40
2023-12-26,14353.45,0.76,"7.16",6.40
2023-12-27,14324.13,0.70,"7.16",6.46
2023-12-28,22012.59,0.70,"7.16",6.46
2023-12-29,14134.28,0.70,"7.16",6.46
2023-12-30,3556.80,0.70,"7.16",6.46
2023-12-31,3335.22,0.70,"7.16",6.46
